=== ProtoShield Scan Started: 2026-07-15 16:23:34 UTC ===
INFO: Building project-specific container protoshield:0.14.0-cde-sample-project
INFO: Successfully built project-specific container protoshield:0.14.0-cde-sample-project
INFO: Running analysis on scan results
WARN: Summary file not found after waiting, proceeding anyway /Users/ericyq/Downloads/Kiro-workspace/cde-sample-project/.protoshield/scans/scan-1784103814846037000/summary.md 30s
INFO: Analysis completed successfully
INFO: 📋 Security analysis complete! Review the full report /Users/ericyq/Downloads/Kiro-workspace/cde-sample-project/.protoshield/scans/scan-1784103814846037000/summary.md
INFO: Cleaning up project-specific container image protoshield:0.14.0-cde-sample-project
INFO: Successfully removed project-specific container image protoshield:0.14.0-cde-sample-project
..
INFO: === ProtoShield Analysis Started ===
INFO: Found credentials in environment variables.
INFO: Supervisor received: Run analysis using the prepared analysis plan for project cde-sample-project
INFO: Supervisor → <thinking> To run the analysis using the prepared analysis plan, I need to call each scanner agent exactly once in Phase 1, then verify the detail files, and finally call the executive summary agen...
INFO: Supervisor received: <thinking> To run the analysis using the prepared analysis plan, I need to call each scanner agen...
INFO: cdknag_agent failed: ValidationException('An error occurred (ValidationException) when calling the ConverseStream oper...
INFO: cve_agent completed (7.4s): <thinking>
INFO: checkov_agent completed (7.9s): <thinking>
INFO: bandit_agent completed (8.0s): <thinking>
INFO: cfnnag_agent completed (10.1s): <thinking>
INFO: semgrep_agent completed (10.2s): <thinking>
INFO: license_header_agent completed (10.2s): <thinking>
INFO: license_check_agent completed (15.8s): <thinking>
INFO: secrets_agent completed (11.6s): <thinking>
INFO: Supervisor → <thinking> All scanner agents have completed their analysis. The next step is to verify that all detail files have been created. If any detail files are missing, I will use the fallback detail file...
INFO: Supervisor received: <thinking> All scanner agents have completed their analysis. The next step is to verify that all ...
INFO: Detail file missing: bandit_agent.md
INFO: Detail file missing: semgrep_agent.md
INFO: Detail file missing: cdknag_agent.md
INFO: Detail file missing: cfnnag_agent.md
INFO: Detail file missing: checkov_agent.md
INFO: Detail file missing: secrets_agent.md
INFO: Detail file verification: 3/9 files found
INFO: verify_detail_files completed (0.0s): {'analysis_dir_exists': True, 'missing_files': ['bandit_agent.md', 'semgrep_a...
INFO: Exception in thread Thread-41 (producer):
INFO: Supervisor → <thinking> The verification of detail files has shown that some files are missing. I need to call the write_fallback_detail_file function for each missing file using the response content from the c...
INFO: User: Run analysis using the prepared analysis plan for project cde-sample-project
INFO: Error in conversation: Incomplete response stream: missing metadata
INFO: Supervisor received: List the files and analyze them
INFO: Traceback (most recent call last):
INFO:   File "/root/.local/share/uv/python/cpython-3.13.3-linux-aarch64-gnu/lib/python3.13/threading.py", line 1041, in _bootstrap_inner
INFO:     self.run()
INFO:     ~~~~~~~~^^
INFO:   File "/root/.local/share/uv/python/cpython-3.13.3-linux-aarch64-gnu/lib/python3.13/threading.py", line 992, in run
INFO:     self._target(*self._args, **self._kwargs)
INFO:     ~~~~~~~~~~~~^^^^^^^^^^^^^^^^^^^^^^^^^^^^^
INFO:   File "/app/.venv/lib/python3.13/site-packages/generative_ai_toolkit/utils/stop_event.py", line 107, in producer
INFO:     for item in iterable:
INFO:                 ^^^^^^^^
INFO:   File "/app/.venv/lib/python3.13/site-packages/botocore/eventstream.py", line 592, in __iter__
INFO:     parsed_event = self._parse_event(event)
INFO:   File "/app/.venv/lib/python3.13/site-packages/botocore/eventstream.py", line 608, in _parse_event
INFO:     raise EventStreamError(parsed_response, self._operation_name)
INFO: botocore.exceptions.EventStreamError: An error occurred (modelStreamErrorException) when calling the ConverseStream operation: Model produced invalid sequence as part of ToolUse. Please refer to the model tool use troubleshooting guide.
INFO: Exception in thread Thread-42 (producer):
INFO: Traceback (most recent call last):
INFO:   File "/root/.local/share/uv/python/cpython-3.13.3-linux-aarch64-gnu/lib/python3.13/threading.py", line 1041, in _bootstrap_inner
INFO:     self.run()
INFO:     ~~~~~~~~^^
INFO:   File "/root/.local/share/uv/python/cpython-3.13.3-linux-aarch64-gnu/lib/python3.13/threading.py", line 992, in run
INFO:     self._target(*self._args, **self._kwargs)
INFO:     ~~~~~~~~~~~~^^^^^^^^^^^^^^^^^^^^^^^^^^^^^
INFO: Supervisor → <thinking> The verification of detail files has shown that some files are missing. I need to use the fallback detail file writing function for each missing file, using the response content from the...  File "/app/.venv/lib/python3.13/site-packages/generative_ai_toolkit/utils/stop_event.py", line 107, in producer
INFO:     for item in iterable:
INFO:                 ^^^^^^^^
INFO:   File "/app/.venv/lib/python3.13/site-packages/botocore/eventstream.py", line 592, in __iter__
INFO:     parsed_event = self._parse_event(event)
INFO:   File "/app/.venv/lib/python3.13/site-packages/botocore/eventstream.py", line 608, in _parse_event
INFO:     raise EventStreamError(parsed_response, self._operation_name)
INFO: botocore.exceptions.EventStreamError: An error occurred (modelStreamErrorException) when calling the ConverseStream operation: Model produced invalid sequence as part of ToolUse. Please refer to the model tool use troubleshooting guide.
INFO: User: List the files and analyze them
INFO: Fallback also failed: Incomplete response stream: missing metadata
INFO: Analysis completed successfully
INFO: STAGE: completed
INFO: PROGRESS: Security analysis completed successfully
INFO: Analysis completed. Results saved to output file.
INFO: Assembling final report...
INFO: Starting report assembly...
INFO: Report assembly failed: Summary file not found: /output/summary.md. Executive summary must be created before assembling report.
INFO: Continuing with existing summary file. Detail files may not have been appended.
INFO: === Analysis Completed (53.7s total) ===
